1762939137780	geckodriver	INFO	Listening on 127.0.0.1:54959
1762939140845	mozrunner::runner	INFO	Running command: "C:\\Program Files\\Mozilla Firefox\\firefox.exe" "--marionette" "--remote-debugging-port" "54960" "--remote-allow-hosts" "localhost" "-no-remote" "-profile" "C:\\Users\\WILLKO~1\\AppData\\Local\\Temp\\rust_mozprofilesFawf4"
console.warn: services.settings: Ignoring preference override of remote settings server
console.warn: services.settings: Allow by setting MOZ_REMOTE_SETTINGS_DEVTOOLS=1 in the environment
Dynamically enable window occlusion 0
1762939141196	Marionette	INFO	Marionette enabled
1762939141283	Marionette	INFO	Listening on port 54967
WebDriver BiDi listening on ws://127.0.0.1:54960
Read port: 54967
1762939141451	RemoteAgent	WARN	TLS certificate errors will be ignored for this session
console.warn: LoginRecipes: "Falling back to a synchronous message for: https://www.saucedemo.com."
console.warn: LoginRecipes: "Falling back to a synchronous message for: https://www.saucedemo.com."
JavaScript error: https://www.saucedemo.com/static/js/main.bcf4bc5f.js, line 2: TypeError: can't access property "value", e.totallyUndefined is undefined
JavaScript error: https://www.saucedemo.com/static/js/main.bcf4bc5f.js, line 2: TypeError: can't access property "value", e.totallyUndefined is undefined
JavaScript error: https://www.saucedemo.com/static/js/main.bcf4bc5f.js, line 2: TypeError: can't access property "value", e.totallyUndefined is undefined
JavaScript error: https://www.saucedemo.com/static/js/main.bcf4bc5f.js, line 2: TypeError: can't access property "value", e.totallyUndefined is undefined
JavaScript error: https://www.saucedemo.com/static/js/main.bcf4bc5f.js, line 2: TypeError: Ye.cesetRart is not a function
1762939264820	Marionette	WARN	Ignoring event 'DOMContentLoaded' because document has an invalid readyState of 'complete'.
JavaScript error: https://www.saucedemo.com/static/js/main.bcf4bc5f.js, line 2: Error: Failed to add item to the cart.
JavaScript error: https://www.saucedemo.com/static/js/main.bcf4bc5f.js, line 2: TypeError: can't access property "value", e.totallyUndefined is undefined
JavaScript error: https://www.saucedemo.com/static/js/main.bcf4bc5f.js, line 2: TypeError: can't access property "value", e.totallyUndefined is undefined
JavaScript error: https://www.saucedemo.com/static/js/main.bcf4bc5f.js, line 2: TypeError: can't access property "value", e.totallyUndefined is undefined
JavaScript error: https://www.saucedemo.com/static/js/main.bcf4bc5f.js, line 2: TypeError: can't access property "value", e.totallyUndefined is undefined
JavaScript error: https://www.saucedemo.com/static/js/main.bcf4bc5f.js, line 2: TypeError: Ye.cesetRart is not a function
1762939267562	Marionette	WARN	Ignoring event 'DOMContentLoaded' because document has an invalid readyState of 'complete'.
JavaScript error: https://www.saucedemo.com/static/js/main.bcf4bc5f.js, line 2: Error: Failed to add item to the cart.
JavaScript error: https://www.saucedemo.com/static/js/main.bcf4bc5f.js, line 2: TypeError: can't access property "value", e.totallyUndefined is undefined
JavaScript error: https://www.saucedemo.com/static/js/main.bcf4bc5f.js, line 2: TypeError: can't access property "value", e.totallyUndefined is undefined
JavaScript error: https://www.saucedemo.com/static/js/main.bcf4bc5f.js, line 2: TypeError: can't access property "value", e.totallyUndefined is undefined
JavaScript error: https://www.saucedemo.com/static/js/main.bcf4bc5f.js, line 2: TypeError: can't access property "value", e.totallyUndefined is undefined
JavaScript error: https://www.saucedemo.com/static/js/main.bcf4bc5f.js, line 2: TypeError: Ye.cesetRart is not a function
1762939270280	Marionette	WARN	Ignoring event 'DOMContentLoaded' because document has an invalid readyState of 'complete'.
console.error: [Exception... "Component is not available"  nsresult: "0x80040111 (NS_ERROR_NOT_AVAILABLE)"  location: "<unknown>"  data: no]
JavaScript error: https://www.saucedemo.com/static/js/main.bcf4bc5f.js, line 2: TypeError: can't access property "value", e.totallyUndefined is undefined
JavaScript error: https://www.saucedemo.com/static/js/main.bcf4bc5f.js, line 2: TypeError: can't access property "value", e.totallyUndefined is undefined
JavaScript error: https://www.saucedemo.com/static/js/main.bcf4bc5f.js, line 2: TypeError: can't access property "value", e.totallyUndefined is undefined
JavaScript error: https://www.saucedemo.com/static/js/main.bcf4bc5f.js, line 2: TypeError: can't access property "value", e.totallyUndefined is undefined
JavaScript error: https://www.saucedemo.com/static/js/main.bcf4bc5f.js, line 2: TypeError: Ye.cesetRart is not a function
1762939272999	Marionette	WARN	Ignoring event 'DOMContentLoaded' because document has an invalid readyState of 'complete'.
1762939275298	Marionette	WARN	Ignoring event 'DOMContentLoaded' because document has an invalid readyState of 'complete'.
1762939277620	Marionette	WARN	Ignoring event 'DOMContentLoaded' because document has an invalid readyState of 'complete'.
1762939279784	Marionette	WARN	Ignoring event 'DOMContentLoaded' because document has an invalid readyState of 'complete'.
1762939337024	Marionette	WARN	Ignoring event 'DOMContentLoaded' because document has an invalid readyState of 'complete'.
1762939349449	Marionette	INFO	Stopped listening on port 54967
Dynamically enable window occlusion 1
console.error: (new TypeError("NetworkError when attempting to fetch resource.", ""))
console.error: (new Error("OHTTP was configured for https://ads.mozilla.org/v1/delete_user but we couldn't fetch a valid config", "moz-src:///browser/modules/ContextId.sys.mjs", 234))
console.error: "Failed to fetch https://spocs.getpocket.com/user:" "NetworkError when attempting to fetch resource."
console.warn: TopSitesFeed: Failed to fetch data from MARS server: NetworkError when attempting to fetch resource.
JavaScript error: resource://gre/modules/ObliviousHTTP.sys.mjs, line 117: NS_ERROR_XPC_CANT_CONVERT_PRIMITIVE_TO_ARRAY: Cannot convert primitive JavaScript value into an array arg 2 [nsIObliviousHttpService.newChannel]
JavaScript error: resource://services-settings/RemoteSettingsClient.sys.mjs, line 85: Error: Unknown callback
