1762941388961	geckodriver	INFO	Listening on 127.0.0.1:53111
1762941391987	mozrunner::runner	INFO	Running command: "C:\\Program Files\\Mozilla Firefox\\firefox.exe" "--marionette" "--headless" "--disable-gpu" "--no-sandbox" ... "--remote-allow-hosts" "localhost" "-no-remote" "-profile" "C:\\Users\\WILLKO~1\\AppData\\Local\\Temp\\rust_mozprofilewCDmDf"
*** You are running in headless mode.
console.warn: services.settings: Ignoring preference override of remote settings server
console.warn: services.settings: Allow by setting MOZ_REMOTE_SETTINGS_DEVTOOLS=1 in the environment
Dynamically enable window occlusion 0
1762941392291	Marionette	INFO	Marionette enabled
console.error: "Warning: unrecognized command line flag" "-disable-gpu"
console.error: "Warning: unrecognized command line flag" "-disable-dev-shm-usage"
console.error: "Warning: unrecognized command line flag" "-disable-extensions"
console.error: "Warning: unrecognized command line flag" "-disable-popup-blocking"
1762941392361	Marionette	INFO	Listening on port 53119
WebDriver BiDi listening on ws://127.0.0.1:53112
Read port: 53119
1762941392491	RemoteAgent	WARN	TLS certificate errors will be ignored for this session
[GFX1-]: RenderCompositorSWGL failed mapping default framebuffer, no dt
console.error: [Exception... "Component returned failure code: 0x80070057 (NS_ERROR_ILLEGAL_VALUE) [nsIWinTaskbar.getTaskbarProgress]"  nsresult: "0x80070057 (NS_ERROR_ILLEGAL_VALUE)"  location: "JS frame :: moz-src:///browser/components/downloads/DownloadsTaskbar.sys.mjs :: #windowsAttachIndicator :: line 183"  data: no]
console.warn: LoginRecipes: "Falling back to a synchronous message for: https://www.saucedemo.com."
1762941406111	Marionette	INFO	Stopped listening on port 53119
Dynamically enable window occlusion 1
console.error: "Failed to fetch https://spocs.getpocket.com/user:" "NetworkError when attempting to fetch resource."
console.error: (new TypeError("NetworkError when attempting to fetch resource.", ""))
console.error: (new Error("OHTTP was configured for https://ads.mozilla.org/v1/delete_user but we couldn't fetch a valid config", "moz-src:///browser/modules/ContextId.sys.mjs", 234))
console.warn: TopSitesFeed: Failed to fetch data from MARS server: NetworkError when attempting to fetch resource.
JavaScript error: resource://gre/modules/ObliviousHTTP.sys.mjs, line 117: NS_ERROR_XPC_CANT_CONVERT_PRIMITIVE_TO_ARRAY: Cannot convert primitive JavaScript value into an array arg 2 [nsIObliviousHttpService.newChannel]
JavaScript error: resource://services-settings/RemoteSettingsClient.sys.mjs, line 85: Error: Unknown callback
