1762941428370	geckodriver	INFO	Listening on 127.0.0.1:57163
1762941431407	mozrunner::runner	INFO	Running command: "C:\\Program Files\\Mozilla Firefox\\firefox.exe" "--marionette" "--headless" "--disable-gpu" "--no-sandbox" ... "--remote-allow-hosts" "localhost" "-no-remote" "-profile" "C:\\Users\\WILLKO~1\\AppData\\Local\\Temp\\rust_mozprofilecQD4lo"
*** You are running in headless mode.
console.warn: services.settings: Ignoring preference override of remote settings server
console.warn: services.settings: Allow by setting MOZ_REMOTE_SETTINGS_DEVTOOLS=1 in the environment
Dynamically enable window occlusion 0
1762941431748	Marionette	INFO	Marionette enabled
console.error: "Warning: unrecognized command line flag" "-disable-gpu"
console.error: "Warning: unrecognized command line flag" "-disable-dev-shm-usage"
console.error: "Warning: unrecognized command line flag" "-disable-extensions"
console.error: "Warning: unrecognized command line flag" "-disable-popup-blocking"
1762941431834	Marionette	INFO	Listening on port 57172
WebDriver BiDi listening on ws://127.0.0.1:57164
Read port: 57172
1762941431974	RemoteAgent	WARN	TLS certificate errors will be ignored for this session
[GFX1-]: RenderCompositorSWGL failed mapping default framebuffer, no dt
console.error: [Exception... "Component returned failure code: 0x80070057 (NS_ERROR_ILLEGAL_VALUE) [nsIWinTaskbar.getTaskbarProgress]"  nsresult: "0x80070057 (NS_ERROR_ILLEGAL_VALUE)"  location: "JS frame :: moz-src:///browser/components/downloads/DownloadsTaskbar.sys.mjs :: #windowsAttachIndicator :: line 183"  data: no]
console.warn: LoginRecipes: "Falling back to a synchronous message for: https://www.saucedemo.com."
console.warn: LoginRecipes: "Falling back to a synchronous message for: https://www.saucedemo.com."
JavaScript error: https://www.saucedemo.com/static/js/main.bcf4bc5f.js, line 2: TypeError: can't access property "value", e.totallyUndefined is undefined
JavaScript error: https://www.saucedemo.com/static/js/main.bcf4bc5f.js, line 2: TypeError: can't access property "value", e.totallyUndefined is undefined
JavaScript error: https://www.saucedemo.com/static/js/main.bcf4bc5f.js, line 2: TypeError: can't access property "value", e.totallyUndefined is undefined
JavaScript error: https://www.saucedemo.com/static/js/main.bcf4bc5f.js, line 2: TypeError: can't access property "value", e.totallyUndefined is undefined
JavaScript error: https://www.saucedemo.com/static/js/main.bcf4bc5f.js, line 2: TypeError: Ye.cesetRart is not a function
1762941552666	Marionette	WARN	Ignoring event 'DOMContentLoaded' because document has an invalid readyState of 'complete'.
JavaScript error: https://www.saucedemo.com/static/js/main.bcf4bc5f.js, line 2: Error: Failed to add item to the cart.
JavaScript error: https://www.saucedemo.com/static/js/main.bcf4bc5f.js, line 2: TypeError: can't access property "value", e.totallyUndefined is undefined
JavaScript error: https://www.saucedemo.com/static/js/main.bcf4bc5f.js, line 2: TypeError: can't access property "value", e.totallyUndefined is undefined
JavaScript error: https://www.saucedemo.com/static/js/main.bcf4bc5f.js, line 2: TypeError: can't access property "value", e.totallyUndefined is undefined
JavaScript error: https://www.saucedemo.com/static/js/main.bcf4bc5f.js, line 2: TypeError: can't access property "value", e.totallyUndefined is undefined
JavaScript error: https://www.saucedemo.com/static/js/main.bcf4bc5f.js, line 2: TypeError: Ye.cesetRart is not a function
1762941555434	Marionette	WARN	Ignoring event 'DOMContentLoaded' because document has an invalid readyState of 'complete'.
JavaScript error: https://www.saucedemo.com/static/js/main.bcf4bc5f.js, line 2: Error: Failed to add item to the cart.
JavaScript error: https://www.saucedemo.com/static/js/main.bcf4bc5f.js, line 2: TypeError: can't access property "value", e.totallyUndefined is undefined
JavaScript error: https://www.saucedemo.com/static/js/main.bcf4bc5f.js, line 2: TypeError: can't access property "value", e.totallyUndefined is undefined
JavaScript error: https://www.saucedemo.com/static/js/main.bcf4bc5f.js, line 2: TypeError: can't access property "value", e.totallyUndefined is undefined
JavaScript error: https://www.saucedemo.com/static/js/main.bcf4bc5f.js, line 2: TypeError: can't access property "value", e.totallyUndefined is undefined
JavaScript error: https://www.saucedemo.com/static/js/main.bcf4bc5f.js, line 2: TypeError: Ye.cesetRart is not a function
1762941558207	Marionette	WARN	Ignoring event 'DOMContentLoaded' because document has an invalid readyState of 'complete'.
JavaScript error: https://www.saucedemo.com/static/js/main.bcf4bc5f.js, line 2: TypeError: can't access property "value", e.totallyUndefined is undefined
JavaScript error: https://www.saucedemo.com/static/js/main.bcf4bc5f.js, line 2: TypeError: can't access property "value", e.totallyUndefined is undefined
JavaScript error: https://www.saucedemo.com/static/js/main.bcf4bc5f.js, line 2: TypeError: can't access property "value", e.totallyUndefined is undefined
JavaScript error: https://www.saucedemo.com/static/js/main.bcf4bc5f.js, line 2: TypeError: can't access property "value", e.totallyUndefined is undefined
JavaScript error: https://www.saucedemo.com/static/js/main.bcf4bc5f.js, line 2: TypeError: Ye.cesetRart is not a function
1762941561006	Marionette	WARN	Ignoring event 'DOMContentLoaded' because document has an invalid readyState of 'complete'.
1762941563314	Marionette	WARN	Ignoring event 'DOMContentLoaded' because document has an invalid readyState of 'complete'.
1762941565624	Marionette	WARN	Ignoring event 'DOMContentLoaded' because document has an invalid readyState of 'complete'.
1762941567826	Marionette	WARN	Ignoring event 'DOMContentLoaded' because document has an invalid readyState of 'complete'.
1762941600963	Marionette	INFO	Stopped listening on port 57172
Dynamically enable window occlusion 1
console.error: (new TypeError("NetworkError when attempting to fetch resource.", ""))
console.error: (new Error("OHTTP was configured for https://ads.mozilla.org/v1/delete_user but we couldn't fetch a valid config", "moz-src:///browser/modules/ContextId.sys.mjs", 234))
console.error: "Failed to fetch https://spocs.getpocket.com/user:" "NetworkError when attempting to fetch resource."
console.warn: TopSitesFeed: Failed to fetch data from MARS server: NetworkError when attempting to fetch resource.
JavaScript error: resource://gre/modules/ObliviousHTTP.sys.mjs, line 117: NS_ERROR_XPC_CANT_CONVERT_PRIMITIVE_TO_ARRAY: Cannot convert primitive JavaScript value into an array arg 2 [nsIObliviousHttpService.newChannel]
JavaScript error: resource://services-settings/RemoteSettingsClient.sys.mjs, line 85: Error: Unknown callback
